<html>
<body>
<pre>
<h1>µVision Build Log</h1>
<h2>Project:</h2>
D:\onenet_project\myproj\project\test.uvproj
Project File Date:  11/28/2016

<h2>Output:</h2>
Rebuild target 'Target 1'
compiling core_cm3.c...
compiling system_stm32f10x.c...
assembling startup_stm32f10x_hd.s...
compiling main.c...
compiling stm32f10x_it.c...
compiling misc.c...
compiling stm32f10x_adc.c...
compiling stm32f10x_bkp.c...
compiling stm32f10x_can.c...
compiling stm32f10x_cec.c...
compiling stm32f10x_crc.c...
compiling stm32f10x_dac.c...
compiling stm32f10x_dbgmcu.c...
compiling stm32f10x_dma.c...
compiling stm32f10x_exti.c...
compiling stm32f10x_flash.c...
compiling stm32f10x_fsmc.c...
compiling stm32f10x_gpio.c...
compiling stm32f10x_i2c.c...
compiling stm32f10x_iwdg.c...
compiling stm32f10x_pwr.c...
compiling stm32f10x_rcc.c...
compiling stm32f10x_rtc.c...
compiling stm32f10x_sdio.c...
compiling stm32f10x_spi.c...
compiling stm32f10x_tim.c...
compiling stm32f10x_usart.c...
compiling stm32f10x_wwdg.c...
linking...
Program Size: Code=2540 RO-data=336 RW-data=40 ZI-data=1024  
FromELF: creating hex file...
"..\object\test.axf" - 0 Error(s), 0 Warning(s).
Rebuild target 'Target 1'
compiling core_cm3.c...
compiling system_stm32f10x.c...
assembling startup_stm32f10x_hd.s...
compiling main.c...
..\USER\main.c(2): error:  #5: cannot open source input file "led.h": No such file or directory
compiling stm32f10x_it.c...
compiling misc.c...
compiling stm32f10x_adc.c...
compiling stm32f10x_bkp.c...
compiling stm32f10x_can.c...
compiling stm32f10x_cec.c...
compiling stm32f10x_crc.c...
compiling stm32f10x_dac.c...
compiling stm32f10x_dbgmcu.c...
compiling stm32f10x_dma.c...
Project build/rebuild aborted.
Target not created
Rebuild target 'Target 1'
compiling core_cm3.c...
compiling system_stm32f10x.c...
assembling startup_stm32f10x_hd.s...
compiling main.c...
..\USER\main.c(2): error:  #5: cannot open source input file "led.h": No such file or directory
compiling stm32f10x_it.c...
compiling misc.c...
compiling stm32f10x_adc.c...
compiling stm32f10x_bkp.c...
compiling stm32f10x_can.c...
compiling stm32f10x_cec.c...
compiling stm32f10x_crc.c...
compiling stm32f10x_dac.c...
compiling stm32f10x_dbgmcu.c...
compiling stm32f10x_dma.c...
compiling stm32f10x_exti.c...
compiling stm32f10x_flash.c...
compiling stm32f10x_fsmc.c...
compiling stm32f10x_gpio.c...
compiling stm32f10x_i2c.c...
compiling stm32f10x_iwdg.c...
compiling stm32f10x_pwr.c...
compiling stm32f10x_rcc.c...
compiling stm32f10x_rtc.c...
compiling stm32f10x_sdio.c...
compiling stm32f10x_spi.c...
compiling stm32f10x_tim.c...
compiling stm32f10x_usart.c...
compiling stm32f10x_wwdg.c...
Target not created
Rebuild target 'Target 1'
compiling core_cm3.c...
compiling system_stm32f10x.c...
assembling startup_stm32f10x_hd.s...
compiling main.c...
..\USER\main.c(2): error:  #5: cannot open source input file "led.h": No such file or directory
compiling stm32f10x_it.c...
compiling misc.c...
compiling stm32f10x_adc.c...
compiling stm32f10x_bkp.c...
compiling stm32f10x_can.c...
compiling stm32f10x_cec.c...
compiling stm32f10x_crc.c...
compiling stm32f10x_dac.c...
compiling stm32f10x_dbgmcu.c...
compiling stm32f10x_dma.c...
compiling stm32f10x_exti.c...
compiling stm32f10x_flash.c...
compiling stm32f10x_fsmc.c...
compiling stm32f10x_gpio.c...
compiling stm32f10x_i2c.c...
compiling stm32f10x_iwdg.c...
compiling stm32f10x_pwr.c...
compiling stm32f10x_rcc.c...
compiling stm32f10x_rtc.c...
compiling stm32f10x_sdio.c...
compiling stm32f10x_spi.c...
compiling stm32f10x_tim.c...
compiling stm32f10x_usart.c...
compiling stm32f10x_wwdg.c...
Target not created
Rebuild target 'Target 1'
compiling core_cm3.c...
compiling system_stm32f10x.c...
assembling startup_stm32f10x_hd.s...
compiling main.c...
..\USER\main.c(2): error:  #5: cannot open source input file "led.h": No such file or directory
compiling stm32f10x_it.c...
compiling misc.c...
compiling stm32f10x_adc.c...
compiling stm32f10x_bkp.c...
compiling stm32f10x_can.c...
compiling stm32f10x_cec.c...
compiling stm32f10x_crc.c...
compiling stm32f10x_dac.c...
compiling stm32f10x_dbgmcu.c...
compiling stm32f10x_dma.c...
compiling stm32f10x_exti.c...
compiling stm32f10x_flash.c...
compiling stm32f10x_fsmc.c...
compiling stm32f10x_gpio.c...
compiling stm32f10x_i2c.c...
compiling stm32f10x_iwdg.c...
compiling stm32f10x_pwr.c...
compiling stm32f10x_rcc.c...
compiling stm32f10x_rtc.c...
compiling stm32f10x_sdio.c...
compiling stm32f10x_spi.c...
compiling stm32f10x_tim.c...
compiling stm32f10x_usart.c...
compiling stm32f10x_wwdg.c...
compiling delay.c...
..\Driver\src\delay.c(1): error:  #5: cannot open source input file "delay.h": No such file or directory
compiling led.c...
..\Driver\src\led.c(2): error:  #5: cannot open source input file "led.h": No such file or directory
Target not created
Rebuild target 'Target 1'
compiling core_cm3.c...
compiling system_stm32f10x.c...
assembling startup_stm32f10x_hd.s...
compiling main.c...
..\Driver\inc\delay.h(8): warning:  #1-D: last line of file ends without a newline
..\USER\main.c(6): error:  #130: expected a "{"
..\USER\main.c(11): error:  #65: expected a ";"
..\USER\main.c(22): warning:  #12-D: parsing restarts here after previous syntax error
..\USER\main.c(22): warning:  #111-D: statement is unreachable
..\USER\main.c(22): error:  #20: identifier "s" is undefined
..\USER\main.c(24): error: At end of source:  #65: expected a ";"
..\USER\main.c(24): error: At end of source:  #67: expected a "}"
compiling stm32f10x_it.c...
compiling misc.c...
compiling stm32f10x_adc.c...
compiling stm32f10x_bkp.c...
compiling stm32f10x_can.c...
compiling stm32f10x_cec.c...
compiling stm32f10x_crc.c...
compiling stm32f10x_dac.c...
compiling stm32f10x_dbgmcu.c...
compiling stm32f10x_dma.c...
compiling stm32f10x_exti.c...
compiling stm32f10x_flash.c...
compiling stm32f10x_fsmc.c...
compiling stm32f10x_gpio.c...
compiling stm32f10x_i2c.c...
compiling stm32f10x_iwdg.c...
compiling stm32f10x_pwr.c...
compiling stm32f10x_rcc.c...
compiling stm32f10x_rtc.c...
compiling stm32f10x_sdio.c...
compiling stm32f10x_spi.c...
compiling stm32f10x_tim.c...
compiling stm32f10x_usart.c...
compiling stm32f10x_wwdg.c...
compiling delay.c...
..\Driver\inc\delay.h(8): warning:  #1-D: last line of file ends without a newline
..\Driver\src\delay.c(2): error:  #130: expected a "{"
..\Driver\src\delay.c(9): warning:  #1-D: last line of file ends without a newline
compiling led.c...
..\Driver\src\led.c(22): warning:  #1-D: last line of file ends without a newline
Target not created
Build target 'Target 1'
compiling main.c...
..\Driver\inc\delay.h(8): warning:  #1-D: last line of file ends without a newline
..\USER\main.c(6): error:  #130: expected a "{"
compiling delay.c...
..\Driver\inc\delay.h(8): warning:  #1-D: last line of file ends without a newline
..\Driver\src\delay.c(2): error:  #130: expected a "{"
Target not created
Rebuild target 'Target 1'
compiling core_cm3.c...
compiling system_stm32f10x.c...
assembling startup_stm32f10x_hd.s...
compiling main.c...
..\Driver\inc\delay.h(8): warning:  #1-D: last line of file ends without a newline
..\USER\main.c(6): error:  #130: expected a "{"
compiling stm32f10x_it.c...
compiling misc.c...
compiling stm32f10x_adc.c...
compiling stm32f10x_bkp.c...
compiling stm32f10x_can.c...
compiling stm32f10x_cec.c...
compiling stm32f10x_crc.c...
compiling stm32f10x_dac.c...
compiling stm32f10x_dbgmcu.c...
compiling stm32f10x_dma.c...
compiling stm32f10x_exti.c...
compiling stm32f10x_flash.c...
compiling stm32f10x_fsmc.c...
compiling stm32f10x_gpio.c...
compiling stm32f10x_i2c.c...
compiling stm32f10x_iwdg.c...
compiling stm32f10x_pwr.c...
compiling stm32f10x_rcc.c...
compiling stm32f10x_rtc.c...
compiling stm32f10x_sdio.c...
compiling stm32f10x_spi.c...
compiling stm32f10x_tim.c...
compiling stm32f10x_usart.c...
compiling stm32f10x_wwdg.c...
compiling delay.c...
..\Driver\inc\delay.h(8): warning:  #1-D: last line of file ends without a newline
..\Driver\src\delay.c(4): error:  #130: expected a "{"
compiling led.c...
..\Driver\src\led.c(22): warning:  #1-D: last line of file ends without a newline
Target not created
Load "..\\object\\test.AXF" 
_____^
*** error 56: cannot open file
Rebuild target 'Target 1'
compiling core_cm3.c...
compiling system_stm32f10x.c...
assembling startup_stm32f10x_hd.s...
compiling main.c...
..\USER\main.c(6): error:  #130: expected a "{"
compiling stm32f10x_it.c...
compiling misc.c...
compiling stm32f10x_adc.c...
compiling stm32f10x_bkp.c...
compiling stm32f10x_can.c...
compiling stm32f10x_cec.c...
compiling stm32f10x_crc.c...
compiling stm32f10x_dac.c...
compiling stm32f10x_dbgmcu.c...
compiling stm32f10x_dma.c...
compiling stm32f10x_exti.c...
compiling stm32f10x_flash.c...
compiling stm32f10x_fsmc.c...
compiling stm32f10x_gpio.c...
compiling stm32f10x_i2c.c...
compiling stm32f10x_iwdg.c...
compiling stm32f10x_pwr.c...
compiling stm32f10x_rcc.c...
compiling stm32f10x_rtc.c...
compiling stm32f10x_sdio.c...
compiling stm32f10x_spi.c...
compiling stm32f10x_tim.c...
compiling stm32f10x_usart.c...
compiling stm32f10x_wwdg.c...
compiling delay.c...
..\Driver\src\delay.c(4): error:  #130: expected a "{"
compiling led.c...
Target not created
Rebuild target 'Target 1'
compiling core_cm3.c...
compiling system_stm32f10x.c...
assembling startup_stm32f10x_hd.s...
compiling main.c...
compiling stm32f10x_it.c...
compiling misc.c...
compiling stm32f10x_adc.c...
compiling stm32f10x_bkp.c...
compiling stm32f10x_can.c...
compiling stm32f10x_cec.c...
compiling stm32f10x_crc.c...
compiling stm32f10x_dac.c...
compiling stm32f10x_dbgmcu.c...
compiling stm32f10x_dma.c...
compiling stm32f10x_exti.c...
compiling stm32f10x_flash.c...
compiling stm32f10x_fsmc.c...
compiling stm32f10x_gpio.c...
compiling stm32f10x_i2c.c...
compiling stm32f10x_iwdg.c...
compiling stm32f10x_pwr.c...
compiling stm32f10x_rcc.c...
compiling stm32f10x_rtc.c...
compiling stm32f10x_sdio.c...
compiling stm32f10x_spi.c...
compiling stm32f10x_tim.c...
compiling stm32f10x_usart.c...
compiling stm32f10x_wwdg.c...
compiling delay.c...
compiling led.c...
linking...
Program Size: Code=2564 RO-data=336 RW-data=40 ZI-data=1024  
FromELF: creating hex file...
"..\object\test.axf" - 0 Error(s), 0 Warning(s).
Load "..\\object\\test.AXF" 
Erase Done.
Programming Done.
Verify OK.
Load "..\\object\\test.AXF" 
Erase Done.
Programming Done.
Verify OK.
Rebuild target 'Target 1'
compiling core_cm3.c...
compiling system_stm32f10x.c...
assembling startup_stm32f10x_hd.s...
compiling main.c...
compiling stm32f10x_it.c...
compiling misc.c...
compiling stm32f10x_adc.c...
compiling stm32f10x_bkp.c...
compiling stm32f10x_can.c...
compiling stm32f10x_cec.c...
compiling stm32f10x_crc.c...
compiling stm32f10x_dac.c...
compiling stm32f10x_dbgmcu.c...
compiling stm32f10x_dma.c...
compiling stm32f10x_exti.c...
compiling stm32f10x_flash.c...
compiling stm32f10x_fsmc.c...
compiling stm32f10x_gpio.c...
compiling stm32f10x_i2c.c...
compiling stm32f10x_iwdg.c...
compiling stm32f10x_pwr.c...
compiling stm32f10x_rcc.c...
compiling stm32f10x_rtc.c...
compiling stm32f10x_sdio.c...
compiling stm32f10x_spi.c...
compiling stm32f10x_tim.c...
compiling stm32f10x_usart.c...
compiling stm32f10x_wwdg.c...
compiling delay.c...
compiling led.c...
linking...
Program Size: Code=2564 RO-data=336 RW-data=40 ZI-data=1024  
FromELF: creating hex file...
"..\object\test.axf" - 0 Error(s), 0 Warning(s).
Load "..\\object\\test.AXF" 
Erase Done.
Programming Done.
Verify OK.
Rebuild target 'Target 1'
compiling core_cm3.c...
compiling system_stm32f10x.c...
assembling startup_stm32f10x_hd.s...
compiling main.c...
compiling stm32f10x_it.c...
compiling misc.c...
compiling stm32f10x_adc.c...
compiling stm32f10x_bkp.c...
compiling stm32f10x_can.c...
compiling stm32f10x_cec.c...
compiling stm32f10x_crc.c...
compiling stm32f10x_dac.c...
compiling stm32f10x_dbgmcu.c...
compiling stm32f10x_dma.c...
compiling stm32f10x_exti.c...
compiling stm32f10x_flash.c...
compiling stm32f10x_fsmc.c...
compiling stm32f10x_gpio.c...
compiling stm32f10x_i2c.c...
compiling stm32f10x_iwdg.c...
compiling stm32f10x_pwr.c...
compiling stm32f10x_rcc.c...
compiling stm32f10x_rtc.c...
compiling stm32f10x_sdio.c...
compiling stm32f10x_spi.c...
compiling stm32f10x_tim.c...
compiling stm32f10x_usart.c...
compiling stm32f10x_wwdg.c...
compiling delay.c...
compiling led.c...
linking...
Program Size: Code=2652 RO-data=336 RW-data=40 ZI-data=1024  
FromELF: creating hex file...
"..\object\test.axf" - 0 Error(s), 0 Warning(s).
Load "..\\object\\test.AXF" 
Erase Done.
Programming Done.
Verify OK.
Rebuild target 'Target 1'
compiling core_cm3.c...
compiling system_stm32f10x.c...
assembling startup_stm32f10x_hd.s...
compiling main.c...
..\USER\main.c(12): error:  #29: expected an expression
..\USER\main.c(12): error:  #140: too many arguments in function call
..\USER\main.c(13): error:  #65: expected a ";"
compiling stm32f10x_it.c...
compiling misc.c...
compiling stm32f10x_adc.c...
compiling stm32f10x_bkp.c...
compiling stm32f10x_can.c...
compiling stm32f10x_cec.c...
compiling stm32f10x_crc.c...
compiling stm32f10x_dac.c...
compiling stm32f10x_dbgmcu.c...
Project build/rebuild aborted.
Target not created
Rebuild target 'Target 1'
compiling core_cm3.c...
compiling system_stm32f10x.c...
assembling startup_stm32f10x_hd.s...
compiling main.c...
..\USER\main.c(12): error:  #29: expected an expression
..\USER\main.c(12): error:  #140: too many arguments in function call
compiling stm32f10x_it.c...
compiling misc.c...
compiling stm32f10x_adc.c...
compiling stm32f10x_bkp.c...
compiling stm32f10x_can.c...
compiling stm32f10x_cec.c...
compiling stm32f10x_crc.c...
compiling stm32f10x_dac.c...
compiling stm32f10x_dbgmcu.c...
compiling stm32f10x_dma.c...
compiling stm32f10x_exti.c...
compiling stm32f10x_flash.c...
compiling stm32f10x_fsmc.c...
compiling stm32f10x_gpio.c...
compiling stm32f10x_i2c.c...
compiling stm32f10x_iwdg.c...
compiling stm32f10x_pwr.c...
compiling stm32f10x_rcc.c...
compiling stm32f10x_rtc.c...
compiling stm32f10x_sdio.c...
compiling stm32f10x_spi.c...
compiling stm32f10x_tim.c...
compiling stm32f10x_usart.c...
compiling stm32f10x_wwdg.c...
compiling delay.c...
compiling led.c...
Target not created
Load "..\\object\\test.AXF" 
_____^
*** error 56: cannot open file
Build target 'Target 1'
compiling main.c...
linking...
Program Size: Code=2652 RO-data=336 RW-data=40 ZI-data=1024  
FromELF: creating hex file...
"..\object\test.axf" - 0 Error(s), 0 Warning(s).
Load "..\\object\\test.AXF" 
Erase Done.
Programming Done.
Verify OK.
Build target 'Target 1'
compiling main.c...
compiling led.c...
linking...
..\object\test.axf: Error: L6218E: Undefined symbol led_init (referred from main.o).
Target not created
Build target 'Target 1'
compiling led.c...
linking...
Program Size: Code=2736 RO-data=336 RW-data=40 ZI-data=1024  
FromELF: creating hex file...
"..\object\test.axf" - 0 Error(s), 0 Warning(s).
Load "..\\object\\test.AXF" 
Erase Done.
Programming Done.
Verify OK.
Build target 'Target 1'
compiling main.c...
compiling led.c...
linking...
Program Size: Code=2736 RO-data=336 RW-data=40 ZI-data=1024  
FromELF: creating hex file...
"..\object\test.axf" - 0 Error(s), 0 Warning(s).
Rebuild target 'Target 1'
compiling core_cm3.c...
compiling system_stm32f10x.c...
assembling startup_stm32f10x_hd.s...
compiling main.c...
..\Driver\inc\usart.h(2): warning:  #1-D: last line of file ends without a newline
..\Driver\inc\usart.h(1): error:  #37: the #endif for this directive is missing
..\USER\main.c(12): warning:  #223-D: function "usart1_debug_init" declared implicitly
compiling stm32f10x_it.c...
compiling misc.c...
compiling stm32f10x_adc.c...
compiling stm32f10x_bkp.c...
compiling stm32f10x_can.c...
compiling stm32f10x_cec.c...
Project build/rebuild aborted.
Target not created
Build target 'Target 1'
compiling main.c...
compiling usart.c...
..\Driver\src\usart.c(14): error:  #154: expression must have struct or union type
..\Driver\src\usart.c(15): error:  #154: expression must have struct or union type
..\Driver\src\usart.c(16): error:  #154: expression must have struct or union type
..\Driver\src\usart.c(17): error:  #167: argument of type "GPIO_InitTypeDef **" is incompatible with parameter of type "GPIO_InitTypeDef *"
..\Driver\src\usart.c(20): error:  #154: expression must have struct or union type
..\Driver\src\usart.c(21): error:  #154: expression must have struct or union type
..\Driver\src\usart.c(22): error:  #167: argument of type "GPIO_InitTypeDef **" is incompatible with parameter of type "GPIO_InitTypeDef *"
..\Driver\src\usart.c(27): error:  #268: declaration may not appear after executable statement in block
..\Driver\src\usart.c(28): error:  #154: expression must have struct or union type
..\Driver\src\usart.c(29): error:  #154: expression must have struct or union type
..\Driver\src\usart.c(30): error:  #154: expression must have struct or union type
..\Driver\src\usart.c(31): error:  #154: expression must have struct or union type
..\Driver\src\usart.c(32): error:  #167: argument of type "NVIC_InitTypeDef **" is incompatible with parameter of type "NVIC_InitTypeDef *"
..\Driver\src\usart.c(36): error:  #268: declaration may not appear after executable statement in block
..\Driver\src\usart.c(37): error:  #154: expression must have struct or union type
..\Driver\src\usart.c(38): error:  #154: expression must have struct or union type
..\Driver\src\usart.c(39): error:  #154: expression must have struct or union type
..\Driver\src\usart.c(40): error:  #154: expression must have struct or union type
..\Driver\src\usart.c(41): error:  #154: expression must have struct or union type
..\Driver\src\usart.c(42): error:  #154: expression must have struct or union type
..\Driver\src\usart.c(43): error:  #167: argument of type "USART_InitTypeDef **" is incompatible with parameter of type "USART_InitTypeDef *"
..\Driver\src\usart.c(55): error:  #20: identifier "Res" is undefined
..\Driver\src\usart.c(58): warning:  #1-D: last line of file ends without a newline
Target not created
Build target 'Target 1'
compiling usart.c...
..\Driver\src\usart.c(14): error:  #154: expression must have struct or union type
..\Driver\src\usart.c(15): error:  #154: expression must have struct or union type
..\Driver\src\usart.c(16): error:  #154: expression must have struct or union type
..\Driver\src\usart.c(17): error:  #167: argument of type "GPIO_InitTypeDef **" is incompatible with parameter of type "GPIO_InitTypeDef *"
..\Driver\src\usart.c(20): error:  #154: expression must have struct or union type
..\Driver\src\usart.c(21): error:  #154: expression must have struct or union type
..\Driver\src\usart.c(22): error:  #167: argument of type "GPIO_InitTypeDef **" is incompatible with parameter of type "GPIO_InitTypeDef *"
..\Driver\src\usart.c(27): error:  #268: declaration may not appear after executable statement in block
..\Driver\src\usart.c(28): error:  #154: expression must have struct or union type
..\Driver\src\usart.c(29): error:  #154: expression must have struct or union type
..\Driver\src\usart.c(30): error:  #154: expression must have struct or union type
..\Driver\src\usart.c(31): error:  #154: expression must have struct or union type
..\Driver\src\usart.c(32): error:  #167: argument of type "NVIC_InitTypeDef **" is incompatible with parameter of type "NVIC_InitTypeDef *"
..\Driver\src\usart.c(36): error:  #268: declaration may not appear after executable statement in block
..\Driver\src\usart.c(37): error:  #154: expression must have struct or union type
..\Driver\src\usart.c(38): error:  #154: expression must have struct or union type
..\Driver\src\usart.c(39): error:  #154: expression must have struct or union type
..\Driver\src\usart.c(40): error:  #154: expression must have struct or union type
..\Driver\src\usart.c(41): error:  #154: expression must have struct or union type
..\Driver\src\usart.c(42): error:  #154: expression must have struct or union type
..\Driver\src\usart.c(43): error:  #167: argument of type "USART_InitTypeDef **" is incompatible with parameter of type "USART_InitTypeDef *"
..\Driver\src\usart.c(55): error:  #20: identifier "Res" is undefined
..\Driver\src\usart.c(58): warning:  #1-D: last line of file ends without a newline
Target not created
Build target 'Target 1'
compiling main.c...
compiling usart.c...
..\Driver\inc\usart.h(7): error:  #20: identifier "u32" is undefined
..\Driver\src\usart.c(11): error:  #268: declaration may not appear after executable statement in block
..\Driver\src\usart.c(14): error:  #154: expression must have struct or union type
..\Driver\src\usart.c(15): error:  #154: expression must have struct or union type
..\Driver\src\usart.c(16): error:  #154: expression must have struct or union type
..\Driver\src\usart.c(17): error:  #167: argument of type "GPIO_InitTypeDef **" is incompatible with parameter of type "GPIO_InitTypeDef *"
..\Driver\src\usart.c(20): error:  #154: expression must have struct or union type
..\Driver\src\usart.c(21): error:  #154: expression must have struct or union type
..\Driver\src\usart.c(22): error:  #167: argument of type "GPIO_InitTypeDef **" is incompatible with parameter of type "GPIO_InitTypeDef *"
..\Driver\src\usart.c(27): error:  #268: declaration may not appear after executable statement in block
..\Driver\src\usart.c(28): error:  #154: expression must have struct or union type
..\Driver\src\usart.c(29): error:  #154: expression must have struct or union type
..\Driver\src\usart.c(30): error:  #154: expression must have struct or union type
..\Driver\src\usart.c(31): error:  #154: expression must have struct or union type
..\Driver\src\usart.c(32): error:  #167: argument of type "NVIC_InitTypeDef **" is incompatible with parameter of type "NVIC_InitTypeDef *"
..\Driver\src\usart.c(36): error:  #268: declaration may not appear after executable statement in block
..\Driver\src\usart.c(37): error:  #154: expression must have struct or union type
..\Driver\src\usart.c(38): error:  #154: expression must have struct or union type
..\Driver\src\usart.c(39): error:  #154: expression must have struct or union type
..\Driver\src\usart.c(40): error:  #154: expression must have struct or union type
..\Driver\src\usart.c(41): error:  #154: expression must have struct or union type
..\Driver\src\usart.c(42): error:  #154: expression must have struct or union type
..\Driver\src\usart.c(43): error:  #167: argument of type "USART_InitTypeDef **" is incompatible with parameter of type "USART_InitTypeDef *"
..\Driver\src\usart.c(56): error:  #20: identifier "res" is undefined
..\Driver\src\usart.c(58): warning:  #1-D: last line of file ends without a newline
..\Driver\src\usart.c(52): warning:  #550-D: variable "Res" was set but never used
Target not created
Rebuild target 'Target 1'
compiling core_cm3.c...
compiling system_stm32f10x.c...
assembling startup_stm32f10x_hd.s...
compiling main.c...
Project build/rebuild aborted.
Target not created
Build target 'Target 1'
compiling usart.c...
..\Driver\inc\usart.h(7): error:  #20: identifier "uint32_t" is undefined
..\Driver\src\usart.c(11): error:  #268: declaration may not appear after executable statement in block
..\Driver\src\usart.c(14): error:  #154: expression must have struct or union type
..\Driver\src\usart.c(15): error:  #154: expression must have struct or union type
..\Driver\src\usart.c(16): error:  #154: expression must have struct or union type
..\Driver\src\usart.c(17): error:  #167: argument of type "GPIO_InitTypeDef **" is incompatible with parameter of type "GPIO_InitTypeDef *"
..\Driver\src\usart.c(20): error:  #154: expression must have struct or union type
..\Driver\src\usart.c(21): error:  #154: expression must have struct or union type
..\Driver\src\usart.c(22): error:  #167: argument of type "GPIO_InitTypeDef **" is incompatible with parameter of type "GPIO_InitTypeDef *"
..\Driver\src\usart.c(27): error:  #268: declaration may not appear after executable statement in block
..\Driver\src\usart.c(28): error:  #154: expression must have struct or union type
..\Driver\src\usart.c(29): error:  #154: expression must have struct or union type
..\Driver\src\usart.c(30): error:  #154: expression must have struct or union type
..\Driver\src\usart.c(31): error:  #154: expression must have struct or union type
..\Driver\src\usart.c(32): error:  #167: argument of type "NVIC_InitTypeDef **" is incompatible with parameter of type "NVIC_InitTypeDef *"
..\Driver\src\usart.c(36): error:  #268: declaration may not appear after executable statement in block
..\Driver\src\usart.c(37): error:  #154: expression must have struct or union type
..\Driver\src\usart.c(38): error:  #154: expression must have struct or union type
..\Driver\src\usart.c(39): error:  #154: expression must have struct or union type
..\Driver\src\usart.c(40): error:  #154: expression must have struct or union type
..\Driver\src\usart.c(41): error:  #154: expression must have struct or union type
..\Driver\src\usart.c(42): error:  #154: expression must have struct or union type
..\Driver\src\usart.c(43): error:  #167: argument of type "USART_InitTypeDef **" is incompatible with parameter of type "USART_InitTypeDef *"
..\Driver\src\usart.c(56): error:  #20: identifier "res" is undefined
..\Driver\src\usart.c(58): warning:  #1-D: last line of file ends without a newline
..\Driver\src\usart.c(52): warning:  #550-D: variable "Res" was set but never used
Target not created
Build target 'Target 1'
compiling usart.c...
..\Driver\inc\usart.h(7): error:  #20: identifier "uint32_t" is undefined
..\Driver\src\usart.c(11): error:  #268: declaration may not appear after executable statement in block
..\Driver\src\usart.c(14): error:  #154: expression must have struct or union type
..\Driver\src\usart.c(15): error:  #154: expression must have struct or union type
..\Driver\src\usart.c(16): error:  #154: expression must have struct or union type
..\Driver\src\usart.c(17): error:  #167: argument of type "GPIO_InitTypeDef **" is incompatible with parameter of type "GPIO_InitTypeDef *"
..\Driver\src\usart.c(20): error:  #154: expression must have struct or union type
..\Driver\src\usart.c(21): error:  #154: expression must have struct or union type
..\Driver\src\usart.c(22): error:  #167: argument of type "GPIO_InitTypeDef **" is incompatible with parameter of type "GPIO_InitTypeDef *"
..\Driver\src\usart.c(27): error:  #268: declaration may not appear after executable statement in block
..\Driver\src\usart.c(28): error:  #154: expression must have struct or union type
..\Driver\src\usart.c(29): error:  #154: expression must have struct or union type
..\Driver\src\usart.c(30): error:  #154: expression must have struct or union type
..\Driver\src\usart.c(31): error:  #154: expression must have struct or union type
..\Driver\src\usart.c(32): error:  #167: argument of type "NVIC_InitTypeDef **" is incompatible with parameter of type "NVIC_InitTypeDef *"
..\Driver\src\usart.c(36): error:  #268: declaration may not appear after executable statement in block
..\Driver\src\usart.c(37): error:  #154: expression must have struct or union type
..\Driver\src\usart.c(38): error:  #154: expression must have struct or union type
..\Driver\src\usart.c(39): error:  #154: expression must have struct or union type
..\Driver\src\usart.c(40): error:  #154: expression must have struct or union type
..\Driver\src\usart.c(41): error:  #154: expression must have struct or union type
..\Driver\src\usart.c(42): error:  #154: expression must have struct or union type
..\Driver\src\usart.c(43): error:  #167: argument of type "USART_InitTypeDef **" is incompatible with parameter of type "USART_InitTypeDef *"
..\Driver\src\usart.c(58): warning:  #1-D: last line of file ends without a newline
Target not created
Build target 'Target 1'
compiling usart.c...
..\Driver\inc\usart.h(7): error:  #20: identifier "uint32_t" is undefined
..\Driver\src\usart.c(12): error:  #268: declaration may not appear after executable statement in block
..\Driver\src\usart.c(28): error:  #268: declaration may not appear after executable statement in block
..\Driver\src\usart.c(37): error:  #268: declaration may not appear after executable statement in block
..\Driver\src\usart.c(60): warning:  #1-D: last line of file ends without a newline
Target not created
Build target 'Target 1'
compiling main.c...
compiling usart.c...
..\Driver\src\usart.c(12): error:  #268: declaration may not appear after executable statement in block
..\Driver\src\usart.c(28): error:  #268: declaration may not appear after executable statement in block
..\Driver\src\usart.c(37): error:  #268: declaration may not appear after executable statement in block
..\Driver\src\usart.c(60): warning:  #1-D: last line of file ends without a newline
Target not created
Build target 'Target 1'
compiling usart.c...
..\Driver\src\usart.c(29): error:  #268: declaration may not appear after executable statement in block
..\Driver\src\usart.c(38): error:  #268: declaration may not appear after executable statement in block
..\Driver\src\usart.c(61): warning:  #1-D: last line of file ends without a newline
Target not created
Build target 'Target 1'
compiling usart.c...
..\Driver\src\usart.c(65): warning:  #1-D: last line of file ends without a newline
linking...
..\object\test.axf: Error: L6200E: Symbol USART1_IRQHandler multiply defined (by usart.o and stm32f10x_it.o).
Target not created
Build target 'Target 1'
compiling stm32f10x_it.c...
compiling usart.c...
linking...
Program Size: Code=4196 RO-data=336 RW-data=40 ZI-data=1024  
FromELF: creating hex file...
"..\object\test.axf" - 0 Error(s), 0 Warning(s).
Load "..\\object\\test.AXF" 
Erase Done.
Programming Done.
Verify OK.
